// Vitest Snapshot v1

exports[`mount component 1`] = `
"<div class=\\"z-tag gap-x-2 inline-flex items-center rounded-full justify-evenly px-4 py-1 text-sm border-2 border-solid border-transparent bg-slate-800 text-slate-50\\">
  <!--v-if-->
  <!--v-if-->
</div>"
`;
